
MD RASHID ALAM@LAPTOP-AGSGIN6O MINGW64 /d/MY PRIVATE FOLDER/PROGRAMING PARTS/web development/Full Stack Wed Development/Assignment/git and GitHub
$ echo 'function sun(a,b){console.log(a+b);}' > script.js

MD RASHID ALAM@LAPTOP-AGSGIN6O MINGW64 /d/MY PRIVATE FOLDER/PROGRAMING PARTS/web development/Full Stack Wed Development/Assignment/git and GitHub
$ git init
Initialized empty Git repository in D:/MY PRIVATE FOLDER/PROGRAMING PARTS/web development/Full Stack Wed Development/Assignment/git and GitHub/.git/

MD RASHID ALAM@LAPTOP-AGSGIN6O MINGW64 /d/MY PRIVATE FOLDER/PROGRAMING PARTS/web development/Full Stack Wed Development/Assignment/git and GitHub (master)
$ git status
On branch master

No commits yet

Untracked files:
  (use "git add <file>..." to include in what will be committed)
        script.js

nothing added to commit but untracked files present (use "git add" to track)

MD RASHID ALAM@LAPTOP-AGSGIN6O MINGW64 /d/MY PRIVATE FOLDER/PROGRAMING PARTS/web development/Full Stack Wed Development/Assignment/git and GitHub (master)
$ git add script/js
fatal: pathspec 'script/js' did not match any files

MD RASHID ALAM@LAPTOP-AGSGIN6O MINGW64 /d/MY PRIVATE FOLDER/PROGRAMING PARTS/web development/Full Stack Wed Development/Assignment/git and GitHub (master)
$ git add script.js
warning: in the working copy of 'script.js', LF will be replaced by CRLF the next time Git touches it

MD RASHID ALAM@LAPTOP-AGSGIN6O MINGW64 /d/MY PRIVATE FOLDER/PROGRAMING PARTS/web development/Full Stack Wed Development/Assignment/git and GitHub (master)
$ git status
On branch master

No commits yet

Changes to be committed:
  (use "git rm --cached <file>..." to unstage)
        new file:   script.js


MD RASHID ALAM@LAPTOP-AGSGIN6O MINGW64 /d/MY PRIVATE FOLDER/PROGRAMING PARTS/web development/Full Stack Wed Development/Assignment/git and GitHub (master)
$ ^[[200~git commit -m "Add script.js with greet function"
bash: $'\E[200~git': command not found

MD RASHID ALAM@LAPTOP-AGSGIN6O MINGW64 /d/MY PRIVATE FOLDER/PROGRAMING PARTS/web development/Full Stack Wed Development/Assignment/git and GitHub (master)
$ git commit -m "Add script.js with sum function"
[master (root-commit) 1c7fa74] Add script.js with sum function
 1 file changed, 1 insertion(+)
 create mode 100644 script.js

MD RASHID ALAM@LAPTOP-AGSGIN6O MINGW64 /d/MY PRIVATE FOLDER/PROGRAMING PARTS/web development/Full Stack Wed Development/Assignment/git and GitHub (master)
$ gitstatus
bash: gitstatus: command not found

MD RASHID ALAM@LAPTOP-AGSGIN6O MINGW64 /d/MY PRIVATE FOLDER/PROGRAMING PARTS/web development/Full Stack Wed Development/Assignment/git and GitHub (master)
$ git branch feature-greeting

MD RASHID ALAM@LAPTOP-AGSGIN6O MINGW64 /d/MY PRIVATE FOLDER/PROGRAMING PARTS/web development/Full Stack Wed Development/Assignment/git and GitHub (master)
$ git checkout feature-greeting
Switched to branch 'feature-greeting'

MD RASHID ALAM@LAPTOP-AGSGIN6O MINGW64 /d/MY PRIVATE FOLDER/PROGRAMING PARTS/web development/Full Stack Wed Development/Assignment/git and GitHub (feature-greeting)
$ git branch
* feature-greeting
  master

MD RASHID ALAM@LAPTOP-AGSGIN6O MINGW64 /d/MY PRIVATE FOLDER/PROGRAMING PARTS/web development/Full Stack Wed Development/Assignment/git and GitHub (feature-greeting)
$ git log
commit 1c7fa741b2aedbe8e851daa6373d29983c393f49 (HEAD -> feature-greeting, master)
Author: MD Rashid Alam <alamr9253@gmail.com>
Date:   Sun Oct 6 16:23:17 2024 +0530

    Add script.js with sum function

MD RASHID ALAM@LAPTOP-AGSGIN6O MINGW64 /d/MY PRIVATE FOLDER/PROGRAMING PARTS/web development/Full Stack Wed Development/Assignment/git and GitHub (feature-greeting)
$ git status
On branch feature-greeting
Changes not staged for commit:
  (use "git add <file>..." to update what will be committed)
  (use "git restore <file>..." to discard changes in working directory)
        modified:   script.js

no changes added to commit (use "git add" and/or "git commit -a")

MD RASHID ALAM@LAPTOP-AGSGIN6O MINGW64 /d/MY PRIVATE FOLDER/PROGRAMING PARTS/web development/Full Stack Wed Development/Assignment/git and GitHub (feature-greeting)
$ git add .
warning: in the working copy of 'script.js', LF will be replaced by CRLF the next time Git touches it

MD RASHID ALAM@LAPTOP-AGSGIN6O MINGW64 /d/MY PRIVATE FOLDER/PROGRAMING PARTS/web development/Full Stack Wed Development/Assignment/git and GitHub (feature-greeting)
$ git checkout master
Switched to branch 'master'
M       script.js

MD RASHID ALAM@LAPTOP-AGSGIN6O MINGW64 /d/MY PRIVATE FOLDER/PROGRAMING PARTS/web development/Full Stack Wed Development/Assignment/git and GitHub (master)
$ git log
commit 1c7fa741b2aedbe8e851daa6373d29983c393f49 (HEAD -> master, feature-greeting)
Author: MD Rashid Alam <alamr9253@gmail.com>
Date:   Sun Oct 6 16:23:17 2024 +0530

    Add script.js with sum function

MD RASHID ALAM@LAPTOP-AGSGIN6O MINGW64 /d/MY PRIVATE FOLDER/PROGRAMING PARTS/web development/Full Stack Wed Development/Assignment/git and GitHub (master)
$ git checkout feature-greeting
Switched to branch 'feature-greeting'
M       script.js

MD RASHID ALAM@LAPTOP-AGSGIN6O MINGW64 /d/MY PRIVATE FOLDER/PROGRAMING PARTS/web development/Full Stack Wed Development/Assignment/git and GitHub (feature-greeting)
$ git status
On branch feature-greeting
Changes to be committed:
  (use "git restore --staged <file>..." to unstage)
        modified:   script.js


MD RASHID ALAM@LAPTOP-AGSGIN6O MINGW64 /d/MY PRIVATE FOLDER/PROGRAMING PARTS/web development/Full Stack Wed Development/Assignment/git and GitHub (feature-greeting)
$ git commit -m "Add personalizedGreet function"
[feature-greeting 54430dc] Add personalizedGreet function
 1 file changed, 5 insertions(+)

MD RASHID ALAM@LAPTOP-AGSGIN6O MINGW64 /d/MY PRIVATE FOLDER/PROGRAMING PARTS/web development/Full Stack Wed Development/Assignment/git and GitHub (feature-greeting)
$ git status
On branch feature-greeting
nothing to commit, working tree clean

MD RASHID ALAM@LAPTOP-AGSGIN6O MINGW64 /d/MY PRIVATE FOLDER/PROGRAMING PARTS/web development/Full Stack Wed Development/Assignment/git and GitHub (feature-greeting)
$ git log
commit 54430dc3f7a3ef371ef7a27ce16d204f0238535b (HEAD -> feature-greeting)
Author: MD Rashid Alam <alamr9253@gmail.com>
Date:   Sun Oct 6 16:34:27 2024 +0530

    Add personalizedGreet function

commit 1c7fa741b2aedbe8e851daa6373d29983c393f49 (master)
Author: MD Rashid Alam <alamr9253@gmail.com>
Date:   Sun Oct 6 16:23:17 2024 +0530

    Add script.js with sum function

MD RASHID ALAM@LAPTOP-AGSGIN6O MINGW64 /d/MY PRIVATE FOLDER/PROGRAMING PARTS/web development/Full Stack Wed Development/Assignment/git and GitHub (feature-greeting)
$ git checkout master
Switched to branch 'master'

MD RASHID ALAM@LAPTOP-AGSGIN6O MINGW64 /d/MY PRIVATE FOLDER/PROGRAMING PARTS/web development/Full Stack Wed Development/Assignment/git and GitHub (master)
$ git merge feature-greeting
Updating 1c7fa74..54430dc
Fast-forward
 script.js | 5 +++++
 1 file changed, 5 insertions(+)

MD RASHID ALAM@LAPTOP-AGSGIN6O MINGW64 /d/MY PRIVATE FOLDER/PROGRAMING PARTS/web development/Full Stack Wed Development/Assignment/git and GitHub (master)
$ git status
On branch master
nothing to commit, working tree clean

MD RASHID ALAM@LAPTOP-AGSGIN6O MINGW64 /d/MY PRIVATE FOLDER/PROGRAMING PARTS/web development/Full Stack Wed Development/Assignment/git and GitHub (master)
$ git log
commit 54430dc3f7a3ef371ef7a27ce16d204f0238535b (HEAD -> master, feature-greeting)
Author: MD Rashid Alam <alamr9253@gmail.com>
Date:   Sun Oct 6 16:34:27 2024 +0530

    Add personalizedGreet function

commit 1c7fa741b2aedbe8e851daa6373d29983c393f49
Author: MD Rashid Alam <alamr9253@gmail.com>
Date:   Sun Oct 6 16:23:17 2024 +0530

    Add script.js with sum function

MD RASHID ALAM@LAPTOP-AGSGIN6O MINGW64 /d/MY PRIVATE FOLDER/PROGRAMING PARTS/web development/Full Stack Wed Development/Assignment/git and GitHub (master)
$ git remote add origin https://github.com/rashid9110/git-and-gitHub

MD RASHID ALAM@LAPTOP-AGSGIN6O MINGW64 /d/MY PRIVATE FOLDER/PROGRAMING PARTS/web development/Full Stack Wed Development/Assignment/git and GitHub (master)
$ git push -u origin master
Enumerating objects: 6, done.
Counting objects: 100% (6/6), done.
Delta compression using up to 16 threads
Compressing objects: 100% (3/3), done.
Writing objects: 100% (6/6), 601 bytes | 601.00 KiB/s, done.
Total 6 (delta 0), reused 0 (delta 0), pack-reused 0 (from 0)
remote:
remote: Create a pull request for 'master' on GitHub by visiting:
remote:      https://github.com/rashid9110/git-and-gitHub/pull/new/master
remote:
To https://github.com/rashid9110/git-and-gitHub
 * [new branch]      master -> master
branch 'master' set up to track 'origin/master'.

MD RASHID ALAM@LAPTOP-AGSGIN6O MINGW64 /d/MY PRIVATE FOLDER/PROGRAMING PARTS/web development/Full Stack Wed Development/Assignment/git and GitHub (master)
$ git clone https://github.com/rashid9110/git-and-gitHub
Cloning into 'git-and-gitHub'...
remote: Enumerating objects: 9, done.
remote: Counting objects: 100% (9/9), done.
remote: Compressing objects: 100% (4/4), done.
remote: Total 9 (delta 0), reused 6 (delta 0), pack-reused 0 (from 0)
Receiving objects: 100% (9/9), done.

MD RASHID ALAM@LAPTOP-AGSGIN6O MINGW64 /d/MY PRIVATE FOLDER/PROGRAMING PARTS/web development/Full Stack Wed Development/Assignment/git and GitHub (master)
$ git fetch origin
remote: Enumerating objects: 3, done.
remote: Counting objects: 100% (3/3), done.
remote: Total 3 (delta 0), reused 0 (delta 0), pack-reused 0 (from 0)
Unpacking objects: 100% (3/3), 874 bytes | 97.00 KiB/s, done.
From https://github.com/rashid9110/git-and-gitHub
 * [new branch]      main       -> origin/main

MD RASHID ALAM@LAPTOP-AGSGIN6O MINGW64 /d/MY PRIVATE FOLDER/PROGRAMING PARTS/web development/Full Stack Wed Development/Assignment/git and GitHub (master)
$ git merge origin/master
Already up to date.

MD RASHID ALAM@LAPTOP-AGSGIN6O MINGW64 /d/MY PRIVATE FOLDER/PROGRAMING PARTS/web development/Full Stack Wed Development/Assignment/git and GitHub (master)
$ git branch feature-update

MD RASHID ALAM@LAPTOP-AGSGIN6O MINGW64 /d/MY PRIVATE FOLDER/PROGRAMING PARTS/web development/Full Stack Wed Development/Assignment/git and GitHub (master)
$ git checkout feature-update
Switched to branch 'feature-update'

MD RASHID ALAM@LAPTOP-AGSGIN6O MINGW64 /d/MY PRIVATE FOLDER/PROGRAMING PARTS/web development/Full Stack Wed Development/Assignment/git and GitHub (feature-update)
$ git add .
warning: adding embedded git repository: git-and-gitHub
hint: You've added another git repository inside your current repository.
hint: Clones of the outer repository will not contain the contents of
hint: the embedded repository and will not know how to obtain it.
hint: If you meant to add a submodule, use:
hint:
hint:   git submodule add <url> git-and-gitHub
hint:
hint: If you added this path by mistake, you can remove it from the
hint: index with:
hint:
hint:   git rm --cached git-and-gitHub
hint:
hint: See "git help submodule" for more information.
hint: Disable this message with "git config advice.addEmbeddedRepo false"

MD RASHID ALAM@LAPTOP-AGSGIN6O MINGW64 /d/MY PRIVATE FOLDER/PROGRAMING PARTS/web development/Full Stack Wed Development/Assignment/git and GitHub (feature-update)
$ git status
On branch feature-update
Changes to be committed:
  (use "git restore --staged <file>..." to unstage)
        new file:   git-and-gitHub
        modified:   script.js


MD RASHID ALAM@LAPTOP-AGSGIN6O MINGW64 /d/MY PRIVATE FOLDER/PROGRAMING PARTS/web development/Full Stack Wed Development/Assignment/git and GitHub (feature-update)
$ git commit -m "^[[200~
> git commit -m "Update personalizedGreet function to include time of day"
> ^C

MD RASHID ALAM@LAPTOP-AGSGIN6O MINGW64 /d/MY PRIVATE FOLDER/PROGRAMING PARTS/web development/Full Stack Wed Development/Assignment/git and GitHub (feature-update)
$ git commit -m "Update personalizedGreet function to include time of day"
[feature-update 8f168e4] Update personalizedGreet function to include time of day
 2 files changed, 3 insertions(+), 2 deletions(-)
 create mode 160000 git-and-gitHub

MD RASHID ALAM@LAPTOP-AGSGIN6O MINGW64 /d/MY PRIVATE FOLDER/PROGRAMING PARTS/web development/Full Stack Wed Development/Assignment/git and GitHub (feature-update)
$ git status
On branch feature-update
Changes not staged for commit:
  (use "git add <file>..." to update what will be committed)
  (use "git restore <file>..." to discard changes in working directory)
        modified:   script.js

no changes added to commit (use "git add" and/or "git commit -a")

MD RASHID ALAM@LAPTOP-AGSGIN6O MINGW64 /d/MY PRIVATE FOLDER/PROGRAMING PARTS/web development/Full Stack Wed Development/Assignment/git and GitHub (feature-update)
$ git add script.js

MD RASHID ALAM@LAPTOP-AGSGIN6O MINGW64 /d/MY PRIVATE FOLDER/PROGRAMING PARTS/web development/Full Stack Wed Development/Assignment/git and GitHub (feature-update)
$ git status
On branch feature-update
Changes to be committed:
  (use "git restore --staged <file>..." to unstage)
        modified:   script.js


MD RASHID ALAM@LAPTOP-AGSGIN6O MINGW64 /d/MY PRIVATE FOLDER/PROGRAMING PARTS/web development/Full Stack Wed Development/Assignment/git and GitHub (feature-update)
$ git commit -m "Update personalizedGreet function to include time of day"
[feature-update 09dce34] Update personalizedGreet function to include time of day
 1 file changed, 1 insertion(+), 1 deletion(-)

MD RASHID ALAM@LAPTOP-AGSGIN6O MINGW64 /d/MY PRIVATE FOLDER/PROGRAMING PARTS/web development/Full Stack Wed Development/Assignment/git and GitHub (feature-update)
$ git status
On branch feature-update
nothing to commit, working tree clean

MD RASHID ALAM@LAPTOP-AGSGIN6O MINGW64 /d/MY PRIVATE FOLDER/PROGRAMING PARTS/web development/Full Stack Wed Development/Assignment/git and GitHub (feature-update)
$ git checkout master
warning: unable to rmdir 'git-and-gitHub': Directory not empty
Switched to branch 'master'
Your branch is up to date with 'origin/master'.

MD RASHID ALAM@LAPTOP-AGSGIN6O MINGW64 /d/MY PRIVATE FOLDER/PROGRAMING PARTS/web development/Full Stack Wed Development/Assignment/git and GitHub (master)
$ git add script.js

MD RASHID ALAM@LAPTOP-AGSGIN6O MINGW64 /d/MY PRIVATE FOLDER/PROGRAMING PARTS/web development/Full Stack Wed Development/Assignment/git and GitHub (master)
$ git status
On branch master
Your branch is up to date with 'origin/master'.

Changes to be committed:
  (use "git restore --staged <file>..." to unstage)
        modified:   script.js

Untracked files:
  (use "git add <file>..." to include in what will be committed)
        git-and-gitHub/


MD RASHID ALAM@LAPTOP-AGSGIN6O MINGW64 /d/MY PRIVATE FOLDER/PROGRAMING PARTS/web development/Full Stack Wed Development/Assignment/git and GitHub (master)
$ git status
On branch master
Your branch is up to date with 'origin/master'.

Changes to be committed:
  (use "git restore --staged <file>..." to unstage)
        modified:   script.js


MD RASHID ALAM@LAPTOP-AGSGIN6O MINGW64 /d/MY PRIVATE FOLDER/PROGRAMING PARTS/web development/Full Stack Wed Development/Assignment/git and GitHub (master)
$ git commit -m "Update script.js"
[master 99c02f3] Update script.js
 1 file changed, 4 insertions(+)

MD RASHID ALAM@LAPTOP-AGSGIN6O MINGW64 /d/MY PRIVATE FOLDER/PROGRAMING PARTS/web development/Full Stack Wed Development/Assignment/git and GitHub (master)
$ git branch
  feature-greeting
  feature-update
* master

MD RASHID ALAM@LAPTOP-AGSGIN6O MINGW64 /d/MY PRIVATE FOLDER/PROGRAMING PARTS/web development/Full Stack Wed Development/Assignment/git and GitHub (master)
$ git log
commit 99c02f3dfd29f84d2803748ff83b07c2675a5aec (HEAD -> master)
Author: MD Rashid Alam <alamr9253@gmail.com>
Date:   Sun Oct 6 17:00:43 2024 +0530

    Update script.js

commit 54430dc3f7a3ef371ef7a27ce16d204f0238535b (origin/master, feature-greeting)
Author: MD Rashid Alam <alamr9253@gmail.com>
Date:   Sun Oct 6 16:34:27 2024 +0530

    Add personalizedGreet function

commit 1c7fa741b2aedbe8e851daa6373d29983c393f49
Author: MD Rashid Alam <alamr9253@gmail.com>
Date:   Sun Oct 6 16:23:17 2024 +0530

    Add script.js with sum function

MD RASHID ALAM@LAPTOP-AGSGIN6O MINGW64 /d/MY PRIVATE FOLDER/PROGRAMING PARTS/web development/Full Stack Wed Development/Assignment/git and GitHub (master)
$ git merge feature-update
Auto-merging script.js
CONFLICT (content): Merge conflict in script.js
Automatic merge failed; fix conflicts and then commit the result.

MD RASHID ALAM@LAPTOP-AGSGIN6O MINGW64 /d/MY PRIVATE FOLDER/PROGRAMING PARTS/web development/Full Stack Wed Development/Assignment/git and GitHub (master|MERGING)
$ git log
commit 99c02f3dfd29f84d2803748ff83b07c2675a5aec (HEAD -> master)
Author: MD Rashid Alam <alamr9253@gmail.com>
Date:   Sun Oct 6 17:00:43 2024 +0530

    Update script.js

commit 54430dc3f7a3ef371ef7a27ce16d204f0238535b (origin/master, feature-greeting)
Author: MD Rashid Alam <alamr9253@gmail.com>
Date:   Sun Oct 6 16:34:27 2024 +0530

    Add personalizedGreet function

commit 1c7fa741b2aedbe8e851daa6373d29983c393f49
Author: MD Rashid Alam <alamr9253@gmail.com>
Date:   Sun Oct 6 16:23:17 2024 +0530

    Add script.js with sum function

MD RASHID ALAM@LAPTOP-AGSGIN6O MINGW64 /d/MY PRIVATE FOLDER/PROGRAMING PARTS/web development/Full Stack Wed Development/Assignment/git and GitHub (master|MERGING)
$ git log
commit 99c02f3dfd29f84d2803748ff83b07c2675a5aec (HEAD -> master)
Author: MD Rashid Alam <alamr9253@gmail.com>
Date:   Sun Oct 6 17:00:43 2024 +0530

    Update script.js

commit 54430dc3f7a3ef371ef7a27ce16d204f0238535b (origin/master, feature-greeting)
Author: MD Rashid Alam <alamr9253@gmail.com>
Date:   Sun Oct 6 16:34:27 2024 +0530

    Add personalizedGreet function

commit 1c7fa741b2aedbe8e851daa6373d29983c393f49
Author: MD Rashid Alam <alamr9253@gmail.com>
Date:   Sun Oct 6 16:23:17 2024 +0530

    Add script.js with sum function

MD RASHID ALAM@LAPTOP-AGSGIN6O MINGW64 /d/MY PRIVATE FOLDER/PROGRAMING PARTS/web development/Full Stack Wed Development/Assignment/git and GitHub (master|MERGING)
$ git checkout feature-update
error: you need to resolve your current index first
script.js: needs merge

MD RASHID ALAM@LAPTOP-AGSGIN6O MINGW64 /d/MY PRIVATE FOLDER/PROGRAMING PARTS/web development/Full Stack Wed Development/Assignment/git and GitHub (master|MERGING)
$ ^C

MD RASHID ALAM@LAPTOP-AGSGIN6O MINGW64 /d/MY PRIVATE FOLDER/PROGRAMING PARTS/web development/Full Stack Wed Development/Assignment/git and GitHub (master|MERGING)
$ git add script.js

MD RASHID ALAM@LAPTOP-AGSGIN6O MINGW64 /d/MY PRIVATE FOLDER/PROGRAMING PARTS/web development/Full Stack Wed Development/Assignment/git and GitHub (master|MERGING)
$ git status
On branch master
Your branch is ahead of 'origin/master' by 1 commit.
  (use "git push" to publish your local commits)

All conflicts fixed but you are still merging.
  (use "git commit" to conclude merge)

Changes to be committed:
        new file:   git-and-gitHub
        modified:   script.js


MD RASHID ALAM@LAPTOP-AGSGIN6O MINGW64 /d/MY PRIVATE FOLDER/PROGRAMING PARTS/web development/Full Stack Wed Development/Assignment/git and GitHub (master|MERGING)
$ git status
On branch master
Your branch is ahead of 'origin/master' by 1 commit.
  (use "git push" to publish your local commits)

All conflicts fixed but you are still merging.
  (use "git commit" to conclude merge)

Changes to be committed:
        new file:   git-and-gitHub
        modified:   script.js

Changes not staged for commit:
  (use "git add/rm <file>..." to update what will be committed)
  (use "git restore <file>..." to discard changes in working directory)
        deleted:    git-and-gitHub


MD RASHID ALAM@LAPTOP-AGSGIN6O MINGW64 /d/MY PRIVATE FOLDER/PROGRAMING PARTS/web development/Full Stack Wed Development/Assignment/git and GitHub (master|MERGING)
$ git add .

MD RASHID ALAM@LAPTOP-AGSGIN6O MINGW64 /d/MY PRIVATE FOLDER/PROGRAMING PARTS/web development/Full Stack Wed Development/Assignment/git and GitHub (master|MERGING)
$ git status
On branch master
Your branch is ahead of 'origin/master' by 1 commit.
  (use "git push" to publish your local commits)

All conflicts fixed but you are still merging.
  (use "git commit" to conclude merge)

Changes to be committed:
        modified:   script.js


MD RASHID ALAM@LAPTOP-AGSGIN6O MINGW64 /d/MY PRIVATE FOLDER/PROGRAMING PARTS/web development/Full Stack Wed Development/Assignment/git and GitHub (master|MERGING)
$ git commit -m "Resolve merge conflict"
[master 0404d9e] Resolve merge conflict

MD RASHID ALAM@LAPTOP-AGSGIN6O MINGW64 /d/MY PRIVATE FOLDER/PROGRAMING PARTS/web development/Full Stack Wed Development/Assignment/git and GitHub (master)
$ git log
commit 0404d9ec18232b9dc8fd37945484be72b33ca585 (HEAD -> master)
Merge: 99c02f3 09dce34
Author: MD Rashid Alam <alamr9253@gmail.com>
Date:   Sun Oct 6 17:11:08 2024 +0530

    Resolve merge conflict

commit 99c02f3dfd29f84d2803748ff83b07c2675a5aec
Author: MD Rashid Alam <alamr9253@gmail.com>
Date:   Sun Oct 6 17:00:43 2024 +0530

    Update script.js

commit 09dce347a4e97712974c46ac68ed860cca17546c (feature-update)
Author: MD Rashid Alam <alamr9253@gmail.com>
Date:   Sun Oct 6 16:56:17 2024 +0530

    Update personalizedGreet function to include time of day

commit 8f168e4d013149f2e2ce8ba556e72fe7fe786474
Author: MD Rashid Alam <alamr9253@gmail.com>
Date:   Sun Oct 6 16:55:02 2024 +0530

    Update personalizedGreet function to include time of day

commit 54430dc3f7a3ef371ef7a27ce16d204f0238535b (origin/master, feature-greeting)
Author: MD Rashid Alam <alamr9253@gmail.com>
Date:   Sun Oct 6 16:34:27 2024 +0530

    Add personalizedGreet function

commit 1c7fa741b2aedbe8e851daa6373d29983c393f49
Author: MD Rashid Alam <alamr9253@gmail.com>
Date:   Sun Oct 6 16:23:17 2024 +0530

    Add script.js with sum function

MD RASHID ALAM@LAPTOP-AGSGIN6O MINGW64 /d/MY PRIVATE FOLDER/PROGRAMING PARTS/web development/Full Stack Wed Development/Assignment/git and GitHub (master)
$ echo "console.log('This file is obsolete');" > obsolete.js

MD RASHID ALAM@LAPTOP-AGSGIN6O MINGW64 /d/MY PRIVATE FOLDER/PROGRAMING PARTS/web development/Full Stack Wed Development/Assignment/git and GitHub (master)
$ git status
On branch master
Your branch is ahead of 'origin/master' by 4 commits.
  (use "git push" to publish your local commits)

Untracked files:
  (use "git add <file>..." to include in what will be committed)
        obsolete.js

nothing added to commit but untracked files present (use "git add" to track)

MD RASHID ALAM@LAPTOP-AGSGIN6O MINGW64 /d/MY PRIVATE FOLDER/PROGRAMING PARTS/web development/Full Stack Wed Development/Assignment/git and GitHub (master)
$ git add obsolete.js
warning: in the working copy of 'obsolete.js', LF will be replaced by CRLF the next time Git touches it

MD RASHID ALAM@LAPTOP-AGSGIN6O MINGW64 /d/MY PRIVATE FOLDER/PROGRAMING PARTS/web development/Full Stack Wed Development/Assignment/git and GitHub (master)
$ git commit -m "Add obsolete.js"
[master bbac7fa] Add obsolete.js
 1 file changed, 1 insertion(+)
 create mode 100644 obsolete.js

MD RASHID ALAM@LAPTOP-AGSGIN6O MINGW64 /d/MY PRIVATE FOLDER/PROGRAMING PARTS/web development/Full Stack Wed Development/Assignment/git and GitHub (master)
$ git status
On branch master
Your branch is ahead of 'origin/master' by 5 commits.
  (use "git push" to publish your local commits)

nothing to commit, working tree clean

MD RASHID ALAM@LAPTOP-AGSGIN6O MINGW64 /d/MY PRIVATE FOLDER/PROGRAMING PARTS/web development/Full Stack Wed Development/Assignment/git and GitHub (master)
$ git log
commit bbac7faae7674dcd22831cefb70c3c8b19c2eedd (HEAD -> master)
Author: MD Rashid Alam <alamr9253@gmail.com>
Date:   Sun Oct 6 17:14:43 2024 +0530

    Add obsolete.js

commit 0404d9ec18232b9dc8fd37945484be72b33ca585
Merge: 99c02f3 09dce34
Author: MD Rashid Alam <alamr9253@gmail.com>
Date:   Sun Oct 6 17:11:08 2024 +0530

    Resolve merge conflict

commit 99c02f3dfd29f84d2803748ff83b07c2675a5aec
Author: MD Rashid Alam <alamr9253@gmail.com>
Date:   Sun Oct 6 17:00:43 2024 +0530

    Update script.js

commit 09dce347a4e97712974c46ac68ed860cca17546c (feature-update)
Author: MD Rashid Alam <alamr9253@gmail.com>
Date:   Sun Oct 6 16:56:17 2024 +0530

    Update personalizedGreet function to include time of day

commit 8f168e4d013149f2e2ce8ba556e72fe7fe786474
Author: MD Rashid Alam <alamr9253@gmail.com>
Date:   Sun Oct 6 16:55:02 2024 +0530

    Update personalizedGreet function to include time of day

commit 54430dc3f7a3ef371ef7a27ce16d204f0238535b (origin/master, feature-greeting)
Author: MD Rashid Alam <alamr9253@gmail.com>
Date:   Sun Oct 6 16:34:27 2024 +0530

    Add personalizedGreet function

commit 1c7fa741b2aedbe8e851daa6373d29983c393f49
Author: MD Rashid Alam <alamr9253@gmail.com>
Date:   Sun Oct 6 16:23:17 2024 +0530

    Add script.js with sum function

MD RASHID ALAM@LAPTOP-AGSGIN6O MINGW64 /d/MY PRIVATE FOLDER/PROGRAMING PARTS/web development/Full Stack Wed Development/Assignment/git and GitHub (master)
$ git rm obsolete.js
rm 'obsolete.js'

MD RASHID ALAM@LAPTOP-AGSGIN6O MINGW64 /d/MY PRIVATE FOLDER/PROGRAMING PARTS/web development/Full Stack Wed Development/Assignment/git and GitHub (master)
$ git log
commit bbac7faae7674dcd22831cefb70c3c8b19c2eedd (HEAD -> master)
Author: MD Rashid Alam <alamr9253@gmail.com>
Date:   Sun Oct 6 17:14:43 2024 +0530

    Add obsolete.js

commit 0404d9ec18232b9dc8fd37945484be72b33ca585
Merge: 99c02f3 09dce34
Author: MD Rashid Alam <alamr9253@gmail.com>
Date:   Sun Oct 6 17:11:08 2024 +0530

    Resolve merge conflict

commit 99c02f3dfd29f84d2803748ff83b07c2675a5aec
Author: MD Rashid Alam <alamr9253@gmail.com>
Date:   Sun Oct 6 17:00:43 2024 +0530

    Update script.js

commit 09dce347a4e97712974c46ac68ed860cca17546c (feature-update)
Author: MD Rashid Alam <alamr9253@gmail.com>
Date:   Sun Oct 6 16:56:17 2024 +0530

    Update personalizedGreet function to include time of day

commit 8f168e4d013149f2e2ce8ba556e72fe7fe786474
Author: MD Rashid Alam <alamr9253@gmail.com>
Date:   Sun Oct 6 16:55:02 2024 +0530

    Update personalizedGreet function to include time of day

commit 54430dc3f7a3ef371ef7a27ce16d204f0238535b (origin/master, feature-greeting)
Author: MD Rashid Alam <alamr9253@gmail.com>
Date:   Sun Oct 6 16:34:27 2024 +0530

    Add personalizedGreet function

commit 1c7fa741b2aedbe8e851daa6373d29983c393f49
Author: MD Rashid Alam <alamr9253@gmail.com>
Date:   Sun Oct 6 16:23:17 2024 +0530

    Add script.js with sum function

MD RASHID ALAM@LAPTOP-AGSGIN6O MINGW64 /d/MY PRIVATE FOLDER/PROGRAMING PARTS/web development/Full Stack Wed Development/Assignment/git and GitHub (master)
$ git commit -m "Remove obsolete.js"
[master 30581a3] Remove obsolete.js
 1 file changed, 1 deletion(-)
 delete mode 100644 obsolete.js

MD RASHID ALAM@LAPTOP-AGSGIN6O MINGW64 /d/MY PRIVATE FOLDER/PROGRAMING PARTS/web development/Full Stack Wed Development/Assignment/git and GitHub (master)
$ git reset --soft HEAD~1

MD RASHID ALAM@LAPTOP-AGSGIN6O MINGW64 /d/MY PRIVATE FOLDER/PROGRAMING PARTS/web development/Full Stack Wed Development/Assignment/git and GitHub (master)
$ git status
On branch master
Your branch is ahead of 'origin/master' by 5 commits.
  (use "git push" to publish your local commits)

Changes to be committed:
  (use "git restore --staged <file>..." to unstage)
        deleted:    obsolete.js


MD RASHID ALAM@LAPTOP-AGSGIN6O MINGW64 /d/MY PRIVATE FOLDER/PROGRAMING PARTS/web development/Full Stack Wed Development/Assignment/git and GitHub (master)
$ git reset --hard HEAD~1
HEAD is now at 0404d9e Resolve merge conflict

MD RASHID ALAM@LAPTOP-AGSGIN6O MINGW64 /d/MY PRIVATE FOLDER/PROGRAMING PARTS/web development/Full Stack Wed Development/Assignment/git and GitHub (master)
$ git status
On branch master
Your branch is ahead of 'origin/master' by 4 commits.
  (use "git push" to publish your local commits)

nothing to commit, working tree clean

MD RASHID ALAM@LAPTOP-AGSGIN6O MINGW64 /d/MY PRIVATE FOLDER/PROGRAMING PARTS/web development/Full Stack Wed Development/Assignment/git and GitHub (master)
$ git log
commit 0404d9ec18232b9dc8fd37945484be72b33ca585 (HEAD -> master)
Merge: 99c02f3 09dce34
Author: MD Rashid Alam <alamr9253@gmail.com>
Date:   Sun Oct 6 17:11:08 2024 +0530

    Resolve merge conflict

commit 99c02f3dfd29f84d2803748ff83b07c2675a5aec
Author: MD Rashid Alam <alamr9253@gmail.com>
Date:   Sun Oct 6 17:00:43 2024 +0530

    Update script.js

commit 09dce347a4e97712974c46ac68ed860cca17546c (feature-update)
Author: MD Rashid Alam <alamr9253@gmail.com>
Date:   Sun Oct 6 16:56:17 2024 +0530

    Update personalizedGreet function to include time of day

commit 8f168e4d013149f2e2ce8ba556e72fe7fe786474
Author: MD Rashid Alam <alamr9253@gmail.com>
Date:   Sun Oct 6 16:55:02 2024 +0530

    Update personalizedGreet function to include time of day

commit 54430dc3f7a3ef371ef7a27ce16d204f0238535b (origin/master, feature-greeting)
Author: MD Rashid Alam <alamr9253@gmail.com>
Date:   Sun Oct 6 16:34:27 2024 +0530

    Add personalizedGreet function

commit 1c7fa741b2aedbe8e851daa6373d29983c393f49
Author: MD Rashid Alam <alamr9253@gmail.com>
Date:   Sun Oct 6 16:23:17 2024 +0530

    Add script.js with sum function

MD RASHID ALAM@LAPTOP-AGSGIN6O MINGW64 /d/MY PRIVATE FOLDER/PROGRAMING PARTS/web development/Full Stack Wed Development/Assignment/git and GitHub (master)
$
